⚠ [1136/1137] Replayed VonoV3C.GraphMap
warning: ././././VonoV3C/GraphMap.lean:52:0: automatically included section variable(s) unused in theorem 'VonoV3C.GraphFamily.component_formula':
  [DecidableEq ι]
consider restructuring your `variable` declarations so that the variables are not in scope or explicitly omit them:
  omit [DecidableEq ι] in theorem ...
note: this linter can be disabled with `set_option linter.unusedSectionVars false`
warning: ././././VonoV3C/GraphMap.lean:87:0: automatically included section variable(s) unused in theorem 'VonoV3C.GraphFamily.fourth_component':
  [DecidableEq ι]
consider restructuring your `variable` declarations so that the variables are not in scope or explicitly omit them:
  omit [DecidableEq ι] in theorem ...
note: this linter can be disabled with `set_option linter.unusedSectionVars false`
✖ [1137/1137] Building VonoV3C.GraphEATransport
trace: .> LEAN_PATH=././.lake/packages/Cli/.lake/build/lib/lean:././.lake/packages/batteries/.lake/build/lib/lean:././.lake/packages/Qq/.lake/build/lib/lean:././.lake/packages/aesop/.lake/build/lib/lean:././.lake/packages/proofwidgets/.lake/build/lib/lean:././.lake/packages/importGraph/.lake/build/lib/lean:././.lake/packages/LeanSearchClient/.lake/build/lib/lean:././.lake/packages/plausible/.lake/build/lib/lean:././.lake/packages/mathlib/.lake/build/lib/lean:././.lake/build/lib/lean /tmp/lean-4.19.0-linux/bin/lean ././././VonoV3C/GraphEATransport.lean -R ./././. -o ././.lake/build/lib/lean/VonoV3C/GraphEATransport.olean -i ././.lake/build/lib/lean/VonoV3C/GraphEATransport.ilean -c ././.lake/build/ir/VonoV3C/GraphEATransport.c --json
warning: ././././VonoV3C/GraphEATransport.lean:13:0: automatically included section variable(s) unused in theorem 'VonoV3C.GraphFamily.iterDiff_add':
  [Fintype ι]
  [DecidableEq ι]
consider restructuring your `variable` declarations so that the variables are not in scope or explicitly omit them:
  omit [Fintype ι] [DecidableEq ι] in theorem ...
note: this linter can be disabled with `set_option linter.unusedSectionVars false`
warning: ././././VonoV3C/GraphEATransport.lean:22:0: automatically included section variable(s) unused in theorem 'VonoV3C.GraphFamily.iterDiff_output':
  [Fintype ι]
  [DecidableEq ι]
consider restructuring your `variable` declarations so that the variables are not in scope or explicitly omit them:
  omit [Fintype ι] [DecidableEq ι] in theorem ...
note: this linter can be disabled with `set_option linter.unusedSectionVars false`
info: ././././VonoV3C/GraphEATransport.lean:41:4: Try this: abel_nf
warning: ././././VonoV3C/GraphEATransport.lean:31:0: automatically included section variable(s) unused in theorem 'VonoV3C.GraphFamily.iterDiff_input':
  [Fintype ι]
  [DecidableEq ι]
consider restructuring your `variable` declarations so that the variables are not in scope or explicitly omit them:
  omit [Fintype ι] [DecidableEq ι] in theorem ...
note: this linter can be disabled with `set_option linter.unusedSectionVars false`
warning: ././././VonoV3C/GraphEATransport.lean:40:4: 'congr 1' tactic does nothing
note: this linter can be disabled with `set_option linter.unusedTactic false`
error: ././././VonoV3C/GraphEATransport.lean:55:2: simp made no progress
error: Lean exited with code 1
Some required builds logged failures:
- VonoV3C.GraphEATransport
error: build failed
