⚠ [1136/1139] Replayed VonoV3C.GraphMap
warning: ././././VonoV3C/GraphMap.lean:52:0: automatically included section variable(s) unused in theorem 'VonoV3C.GraphFamily.component_formula':
  [DecidableEq ι]
consider restructuring your `variable` declarations so that the variables are not in scope or explicitly omit them:
  omit [DecidableEq ι] in theorem ...
note: this linter can be disabled with `set_option linter.unusedSectionVars false`
warning: ././././VonoV3C/GraphMap.lean:87:0: automatically included section variable(s) unused in theorem 'VonoV3C.GraphFamily.fourth_component':
  [DecidableEq ι]
consider restructuring your `variable` declarations so that the variables are not in scope or explicitly omit them:
  omit [DecidableEq ι] in theorem ...
note: this linter can be disabled with `set_option linter.unusedSectionVars false`
⚠ [1137/1139] Replayed VonoV3C.GraphEATransport
warning: ././././VonoV3C/GraphEATransport.lean:13:0: automatically included section variable(s) unused in theorem 'VonoV3C.GraphFamily.iterDiff_add':
  [Fintype ι]
  [DecidableEq ι]
consider restructuring your `variable` declarations so that the variables are not in scope or explicitly omit them:
  omit [Fintype ι] [DecidableEq ι] in theorem ...
note: this linter can be disabled with `set_option linter.unusedSectionVars false`
warning: ././././VonoV3C/GraphEATransport.lean:22:0: automatically included section variable(s) unused in theorem 'VonoV3C.GraphFamily.iterDiff_output':
  [Fintype ι]
  [DecidableEq ι]
consider restructuring your `variable` declarations so that the variables are not in scope or explicitly omit them:
  omit [Fintype ι] [DecidableEq ι] in theorem ...
note: this linter can be disabled with `set_option linter.unusedSectionVars false`
info: ././././VonoV3C/GraphEATransport.lean:41:4: Try this: abel_nf
warning: ././././VonoV3C/GraphEATransport.lean:31:0: automatically included section variable(s) unused in theorem 'VonoV3C.GraphFamily.iterDiff_input':
  [Fintype ι]
  [DecidableEq ι]
consider restructuring your `variable` declarations so that the variables are not in scope or explicitly omit them:
  omit [Fintype ι] [DecidableEq ι] in theorem ...
note: this linter can be disabled with `set_option linter.unusedSectionVars false`
warning: ././././VonoV3C/GraphEATransport.lean:40:4: 'congr 1' tactic does nothing
note: this linter can be disabled with `set_option linter.unusedTactic false`
warning: ././././VonoV3C/GraphEATransport.lean:49:0: automatically included section variable(s) unused in theorem 'VonoV3C.GraphFamily.affine_second_zero':
  [Fintype ι]
  [DecidableEq ι]
consider restructuring your `variable` declarations so that the variables are not in scope or explicitly omit them:
  omit [Fintype ι] [DecidableEq ι] in theorem ...
note: this linter can be disabled with `set_option linter.unusedSectionVars false`
⚠ [1138/1139] Built VonoV3C.GraphOutputRecovery
warning: ././././VonoV3C/GraphOutputRecovery.lean:19:4: try 'simp at hh' instead of 'simpa using hh'
note: this linter can be disabled with `set_option linter.unnecessarySimpa false`
warning: ././././VonoV3C/GraphOutputRecovery.lean:21:4: try 'simp at hh' instead of 'simpa using hh'
note: this linter can be disabled with `set_option linter.unnecessarySimpa false`
warning: ././././VonoV3C/GraphOutputRecovery.lean:23:4: try 'simp at hh' instead of 'simpa using hh'
note: this linter can be disabled with `set_option linter.unnecessarySimpa false`
warning: ././././VonoV3C/GraphOutputRecovery.lean:52:4: try 'simp at hi' instead of 'simpa using hi'
note: this linter can be disabled with `set_option linter.unnecessarySimpa false`
✖ [1139/1139] Building VonoV3C.GraphEdgeRecovery
trace: .> LEAN_PATH=././.lake/packages/Cli/.lake/build/lib/lean:././.lake/packages/batteries/.lake/build/lib/lean:././.lake/packages/Qq/.lake/build/lib/lean:././.lake/packages/aesop/.lake/build/lib/lean:././.lake/packages/proofwidgets/.lake/build/lib/lean:././.lake/packages/importGraph/.lake/build/lib/lean:././.lake/packages/LeanSearchClient/.lake/build/lib/lean:././.lake/packages/plausible/.lake/build/lib/lean:././.lake/packages/mathlib/.lake/build/lib/lean:././.lake/build/lib/lean /tmp/lean-4.19.0-linux/bin/lean ././././VonoV3C/GraphEdgeRecovery.lean -R ./././. -o ././.lake/build/lib/lean/VonoV3C/GraphEdgeRecovery.olean -i ././.lake/build/lib/lean/VonoV3C/GraphEdgeRecovery.ilean -c ././.lake/build/ir/VonoV3C/GraphEdgeRecovery.c --json
error: ././././VonoV3C/GraphEdgeRecovery.lean:27:10: tactic 'rewrite' failed, did not find instance of the pattern in the target expression
  ∑ x ∈ ?m.18582, ?m.18583 x
case neg
ι : Type u_1
inst✝¹ : Fintype ι
inst✝ : DecidableEq ι
m : ℕ
hm : 2 ≤ m
adj : ι → ι → Bool
k i : ι
v : Vec m
l : Fin 3
h0 : ¬l = 0
h1 : ¬l = 1
⊢ {
        toFun := fun x k_1 =>
          if k_1 = 0 then p hm (x k) else if k_1 = 1 then q hm (x k) else ∑ j, if adj k j = true then p hm (x j) else 0,
        map_add' := ⋯, map_smul' := ⋯ }
      (Pi.single i v) l =
    if adj k i = true then p hm v else 0
error: ././././VonoV3C/GraphEdgeRecovery.lean:53:8: tactic 'rewrite' failed, did not find instance of the pattern in the target expression
  diff ?a (diff ?b (diff ?c cubic)) ?x
case pos
ι : Type u_1
inst✝¹ : Fintype ι
inst✝ : DecidableEq ι
m : ℕ
hm : 2 ≤ m
adj : ι → ι → Bool
i j : ι
hij : i ≠ j
v w z : Vec m
x : Input ι m
hz : Pi.single j z i = 0
⊢ cubic
            ((couplingLinear hm adj i) x + (couplingLinear hm adj i) (Pi.single i v) +
                (couplingLinear hm adj i) (Pi.single i w) +
              (couplingLinear hm adj i) (Pi.single j z)) +
          cubic
            ((couplingLinear hm adj i) x + (couplingLinear hm adj i) (Pi.single i v) +
              (couplingLinear hm adj i) (Pi.single i w)) +
        (cubic
            ((couplingLinear hm adj i) x + (couplingLinear hm adj i) (Pi.single i v) +
              (couplingLinear hm adj i) (Pi.single j z)) +
          cubic ((couplingLinear hm adj i) x + (couplingLinear hm adj i) (Pi.single i v))) +
      (cubic
            ((couplingLinear hm adj i) x + (couplingLinear hm adj i) (Pi.single i w) +
              (couplingLinear hm adj i) (Pi.single j z)) +
          cubic ((couplingLinear hm adj i) x + (couplingLinear hm adj i) (Pi.single i w)) +
        (cubic ((couplingLinear hm adj i) x + (couplingLinear hm adj i) (Pi.single j z)) +
          cubic ((couplingLinear hm adj i) x))) =
    Pi.single i (if adj i j = true then (p hm v * q hm w + q hm v * p hm w) * p hm z else 0) i
warning: ././././VonoV3C/GraphEdgeRecovery.lean:81:4: try 'simp at hh' instead of 'simpa using hh'
note: this linter can be disabled with `set_option linter.unnecessarySimpa false`
error: Lean exited with code 1
Some required builds logged failures:
- VonoV3C.GraphEdgeRecovery
error: build failed
