⚠ [1136/1140] Replayed VonoV3C.GraphMap
warning: ././././VonoV3C/GraphMap.lean:52:0: automatically included section variable(s) unused in theorem 'VonoV3C.GraphFamily.component_formula':
  [DecidableEq ι]
consider restructuring your `variable` declarations so that the variables are not in scope or explicitly omit them:
  omit [DecidableEq ι] in theorem ...
note: this linter can be disabled with `set_option linter.unusedSectionVars false`
warning: ././././VonoV3C/GraphMap.lean:87:0: automatically included section variable(s) unused in theorem 'VonoV3C.GraphFamily.fourth_component':
  [DecidableEq ι]
consider restructuring your `variable` declarations so that the variables are not in scope or explicitly omit them:
  omit [DecidableEq ι] in theorem ...
note: this linter can be disabled with `set_option linter.unusedSectionVars false`
⚠ [1137/1140] Replayed VonoV3C.GraphEATransport
warning: ././././VonoV3C/GraphEATransport.lean:13:0: automatically included section variable(s) unused in theorem 'VonoV3C.GraphFamily.iterDiff_add':
  [Fintype ι]
  [DecidableEq ι]
consider restructuring your `variable` declarations so that the variables are not in scope or explicitly omit them:
  omit [Fintype ι] [DecidableEq ι] in theorem ...
note: this linter can be disabled with `set_option linter.unusedSectionVars false`
warning: ././././VonoV3C/GraphEATransport.lean:22:0: automatically included section variable(s) unused in theorem 'VonoV3C.GraphFamily.iterDiff_output':
  [Fintype ι]
  [DecidableEq ι]
consider restructuring your `variable` declarations so that the variables are not in scope or explicitly omit them:
  omit [Fintype ι] [DecidableEq ι] in theorem ...
note: this linter can be disabled with `set_option linter.unusedSectionVars false`
info: ././././VonoV3C/GraphEATransport.lean:41:4: Try this: abel_nf
warning: ././././VonoV3C/GraphEATransport.lean:31:0: automatically included section variable(s) unused in theorem 'VonoV3C.GraphFamily.iterDiff_input':
  [Fintype ι]
  [DecidableEq ι]
consider restructuring your `variable` declarations so that the variables are not in scope or explicitly omit them:
  omit [Fintype ι] [DecidableEq ι] in theorem ...
note: this linter can be disabled with `set_option linter.unusedSectionVars false`
warning: ././././VonoV3C/GraphEATransport.lean:40:4: 'congr 1' tactic does nothing
note: this linter can be disabled with `set_option linter.unusedTactic false`
warning: ././././VonoV3C/GraphEATransport.lean:49:0: automatically included section variable(s) unused in theorem 'VonoV3C.GraphFamily.affine_second_zero':
  [Fintype ι]
  [DecidableEq ι]
consider restructuring your `variable` declarations so that the variables are not in scope or explicitly omit them:
  omit [Fintype ι] [DecidableEq ι] in theorem ...
note: this linter can be disabled with `set_option linter.unusedSectionVars false`
⚠ [1138/1140] Replayed VonoV3C.GraphOutputRecovery
warning: ././././VonoV3C/GraphOutputRecovery.lean:19:4: try 'simp at hh' instead of 'simpa using hh'
note: this linter can be disabled with `set_option linter.unnecessarySimpa false`
warning: ././././VonoV3C/GraphOutputRecovery.lean:21:4: try 'simp at hh' instead of 'simpa using hh'
note: this linter can be disabled with `set_option linter.unnecessarySimpa false`
warning: ././././VonoV3C/GraphOutputRecovery.lean:23:4: try 'simp at hh' instead of 'simpa using hh'
note: this linter can be disabled with `set_option linter.unnecessarySimpa false`
warning: ././././VonoV3C/GraphOutputRecovery.lean:52:4: try 'simp at hi' instead of 'simpa using hi'
note: this linter can be disabled with `set_option linter.unnecessarySimpa false`
⚠ [1139/1140] Built VonoV3C.GraphEdgeRecovery
warning: ././././VonoV3C/GraphEdgeRecovery.lean:59:40: Used `tac1 <;> tac2` where `(tac1; tac2)` would suffice
note: this linter can be disabled with `set_option linter.unnecessarySeqFocus false`
warning: ././././VonoV3C/GraphEdgeRecovery.lean:85:4: try 'simp at hh' instead of 'simpa using hh'
note: this linter can be disabled with `set_option linter.unnecessarySimpa false`
✖ [1140/1140] Building VonoV3C.GraphClassification
trace: .> LEAN_PATH=././.lake/packages/Cli/.lake/build/lib/lean:././.lake/packages/batteries/.lake/build/lib/lean:././.lake/packages/Qq/.lake/build/lib/lean:././.lake/packages/aesop/.lake/build/lib/lean:././.lake/packages/proofwidgets/.lake/build/lib/lean:././.lake/packages/importGraph/.lake/build/lib/lean:././.lake/packages/LeanSearchClient/.lake/build/lib/lean:././.lake/packages/plausible/.lake/build/lib/lean:././.lake/packages/mathlib/.lake/build/lib/lean:././.lake/build/lib/lean /tmp/lean-4.19.0-linux/bin/lean ././././VonoV3C/GraphClassification.lean -R ./././. -o ././.lake/build/lib/lean/VonoV3C/GraphClassification.olean -i ././.lake/build/lib/lean/VonoV3C/GraphClassification.ilean -c ././.lake/build/ir/VonoV3C/GraphClassification.c --json
warning: ././././VonoV3C/GraphClassification.lean:34:8: automatically included section variable(s) unused in theorem 'VonoV3C.GraphFamily.reindexLinear_apply':
  [Fintype ι]
  [DecidableEq ι]
consider restructuring your `variable` declarations so that the variables are not in scope or explicitly omit them:
  omit [Fintype ι] [DecidableEq ι] in theorem ...
note: this linter can be disabled with `set_option linter.unusedSectionVars false`
error: ././././VonoV3C/GraphClassification.lean:52:8: 'change' tactic failed, pattern
  (∑ j, if adjG (perm i) j = true then p hm (x (perm.symm j)) else 0) = ∑ j, if adjH i j = true then p hm (x j) else 0
is not definitionally equal to target
  (∑ j, if adjG (perm i) j = true then p hm ((reindexLinear perm) x j) else 0) = (couplingLinear hm adjH i) x l
error: Lean exited with code 1
Some required builds logged failures:
- VonoV3C.GraphClassification
error: build failed
