warning: batteries: repository '././.lake/packages/batteries' has local changes
⚠ [1135/1254] Replayed VonoV3C.GraphMap
warning: ././././VonoV3C/GraphMap.lean:52:0: automatically included section variable(s) unused in theorem 'VonoV3C.GraphFamily.component_formula':
  [DecidableEq ι]
consider restructuring your `variable` declarations so that the variables are not in scope or explicitly omit them:
  omit [DecidableEq ι] in theorem ...
note: this linter can be disabled with `set_option linter.unusedSectionVars false`
warning: ././././VonoV3C/GraphMap.lean:87:0: automatically included section variable(s) unused in theorem 'VonoV3C.GraphFamily.fourth_component':
  [DecidableEq ι]
consider restructuring your `variable` declarations so that the variables are not in scope or explicitly omit them:
  omit [DecidableEq ι] in theorem ...
note: this linter can be disabled with `set_option linter.unusedSectionVars false`
✖ [1386/1386] Building VonoV3C.KernelDimension
trace: .> LEAN_PATH=././.lake/packages/Cli/.lake/build/lib/lean:././.lake/packages/batteries/.lake/build/lib/lean:././.lake/packages/Qq/.lake/build/lib/lean:././.lake/packages/aesop/.lake/build/lib/lean:././.lake/packages/proofwidgets/.lake/build/lib/lean:././.lake/packages/importGraph/.lake/build/lib/lean:././.lake/packages/LeanSearchClient/.lake/build/lib/lean:././.lake/packages/plausible/.lake/build/lib/lean:././.lake/packages/mathlib/.lake/build/lib/lean:././.lake/build/lib/lean /tmp/lean-4.19.0-linux/bin/lean ././././VonoV3C/KernelDimension.lean -R ./././. -o ././.lake/build/lib/lean/VonoV3C/KernelDimension.olean -i ././.lake/build/lib/lean/VonoV3C/KernelDimension.ilean -c ././.lake/build/ir/VonoV3C/KernelDimension.c --json
warning: ././././VonoV3C/KernelDimension.lean:74:0: automatically included section variable(s) unused in theorem 'VonoV3C.GraphFamily.mem_pairKernelSpace':
  [Fintype ι]
  [DecidableEq ι]
consider restructuring your `variable` declarations so that the variables are not in scope or explicitly omit them:
  omit [Fintype ι] [DecidableEq ι] in theorem ...
note: this linter can be disabled with `set_option linter.unusedSectionVars false`
error: ././././VonoV3C/KernelDimension.lean:105:2: unsolved goals
case pos
m : ℕ
v : Vec m
hv : v = 0
⊢ Module.finrank Scalar ↥(if v = 0 then ⊤ else Submodule.span Scalar {v}) = 2 * m
warning: ././././VonoV3C/KernelDimension.lean:109:0: automatically included section variable(s) unused in theorem 'VonoV3C.GraphFamily.finrank_pairKernelSpace_sum':
  [DecidableEq ι]
consider restructuring your `variable` declarations so that the variables are not in scope or explicitly omit them:
  omit [DecidableEq ι] in theorem ...
note: this linter can be disabled with `set_option linter.unusedSectionVars false`
warning: ././././VonoV3C/KernelDimension.lean:119:0: automatically included section variable(s) unused in theorem 'VonoV3C.GraphFamily.supportCount_eq_sum':
  [DecidableEq ι]
consider restructuring your `variable` declarations so that the variables are not in scope or explicitly omit them:
  omit [DecidableEq ι] in theorem ...
note: this linter can be disabled with `set_option linter.unusedSectionVars false`
error: ././././VonoV3C/KernelDimension.lean:137:26: unknown identifier 'i'
error: ././././VonoV3C/KernelDimension.lean:139:6: tactic 'rewrite' failed, did not find instance of the pattern in the target expression
  ∑ x ∈ ?m.39566, (?m.39568 x + ?m.39569 x)
ι : Type u_1
inst✝¹ : Fintype ι
inst✝ : DecidableEq ι
m : ℕ
hm : 2 ≤ m
a : Input ι m
heach : ∀ (i : ι), ((if a i = 0 then 2 * m else 1) + (2 * m - 1) * if a i ≠ 0 then 1 else 0) = 2 * m
hsum : ((∑ i, if a i = 0 then 2 * m else 1) + (2 * m - 1) * if a sorry ≠ 0 then 1 else 0) = ∑ _i, 2 * m
⊢ Module.finrank Scalar ↥(pairKernelSpace a) = 2 * m * Fintype.card ι - (2 * m - 1) * supportCount a
error: Lean exited with code 1
Some required builds logged failures:
- VonoV3C.KernelDimension
error: build failed
