warning: batteries: repository '././.lake/packages/batteries' has local changes
⚠ [1135/1237] Replayed VonoV3C.GraphMap
warning: ././././VonoV3C/GraphMap.lean:52:0: automatically included section variable(s) unused in theorem 'VonoV3C.GraphFamily.component_formula':
  [DecidableEq ι]
consider restructuring your `variable` declarations so that the variables are not in scope or explicitly omit them:
  omit [DecidableEq ι] in theorem ...
note: this linter can be disabled with `set_option linter.unusedSectionVars false`
warning: ././././VonoV3C/GraphMap.lean:87:0: automatically included section variable(s) unused in theorem 'VonoV3C.GraphFamily.fourth_component':
  [DecidableEq ι]
consider restructuring your `variable` declarations so that the variables are not in scope or explicitly omit them:
  omit [DecidableEq ι] in theorem ...
note: this linter can be disabled with `set_option linter.unusedSectionVars false`
⚠ [1384/1386] Replayed VonoV3C.GraphRelaxedIndex
warning: ././././VonoV3C/GraphRelaxedIndex.lean:70:8: automatically included section variable(s) unused in theorem '_private.VonoV3C.GraphRelaxedIndex.0.VonoV3C.GraphFamily.p_selectedRelaxedDirections':
  [Fintype ι]
  [DecidableEq ι]
consider restructuring your `variable` declarations so that the variables are not in scope or explicitly omit them:
  omit [Fintype ι] [DecidableEq ι] in theorem ...
note: this linter can be disabled with `set_option linter.unusedSectionVars false`
warning: ././././VonoV3C/GraphRelaxedIndex.lean:79:8: automatically included section variable(s) unused in theorem '_private.VonoV3C.GraphRelaxedIndex.0.VonoV3C.GraphFamily.q_selectedRelaxedDirections':
  [Fintype ι]
  [DecidableEq ι]
consider restructuring your `variable` declarations so that the variables are not in scope or explicitly omit them:
  omit [Fintype ι] [DecidableEq ι] in theorem ...
note: this linter can be disabled with `set_option linter.unusedSectionVars false`
warning: ././././VonoV3C/GraphRelaxedIndex.lean:126:8: automatically included section variable(s) unused in theorem '_private.VonoV3C.GraphRelaxedIndex.0.VonoV3C.GraphFamily.selectedDirections_pair_dependent':
  [Fintype ι]
  [DecidableEq ι]
consider restructuring your `variable` declarations so that the variables are not in scope or explicitly omit them:
  omit [Fintype ι] [DecidableEq ι] in theorem ...
note: this linter can be disabled with `set_option linter.unusedSectionVars false`
warning: ././././VonoV3C/GraphRelaxedIndex.lean:187:8: automatically included section variable(s) unused in theorem '_private.VonoV3C.GraphRelaxedIndex.0.VonoV3C.GraphFamily.selectedRelaxedDirections_injective':
  [Fintype ι]
  [DecidableEq ι]
consider restructuring your `variable` declarations so that the variables are not in scope or explicitly omit them:
  omit [Fintype ι] [DecidableEq ι] in theorem ...
note: this linter can be disabled with `set_option linter.unusedSectionVars false`
warning: ././././VonoV3C/GraphRelaxedIndex.lean:262:8: automatically included section variable(s) unused in theorem '_private.VonoV3C.GraphRelaxedIndex.0.VonoV3C.GraphFamily.projectionRangeMap_injective':
  [Fintype ι]
  [DecidableEq ι]
consider restructuring your `variable` declarations so that the variables are not in scope or explicitly omit them:
  omit [Fintype ι] [DecidableEq ι] in theorem ...
note: this linter can be disabled with `set_option linter.unusedSectionVars false`
⚠ [1385/1386] Replayed VonoV3C.GraphEATransport
warning: ././././VonoV3C/GraphEATransport.lean:13:0: automatically included section variable(s) unused in theorem 'VonoV3C.GraphFamily.iterDiff_add':
  [Fintype ι]
  [DecidableEq ι]
consider restructuring your `variable` declarations so that the variables are not in scope or explicitly omit them:
  omit [Fintype ι] [DecidableEq ι] in theorem ...
note: this linter can be disabled with `set_option linter.unusedSectionVars false`
warning: ././././VonoV3C/GraphEATransport.lean:22:0: automatically included section variable(s) unused in theorem 'VonoV3C.GraphFamily.iterDiff_output':
  [Fintype ι]
  [DecidableEq ι]
consider restructuring your `variable` declarations so that the variables are not in scope or explicitly omit them:
  omit [Fintype ι] [DecidableEq ι] in theorem ...
note: this linter can be disabled with `set_option linter.unusedSectionVars false`
info: ././././VonoV3C/GraphEATransport.lean:41:4: Try this: abel_nf
warning: ././././VonoV3C/GraphEATransport.lean:31:0: automatically included section variable(s) unused in theorem 'VonoV3C.GraphFamily.iterDiff_input':
  [Fintype ι]
  [DecidableEq ι]
consider restructuring your `variable` declarations so that the variables are not in scope or explicitly omit them:
  omit [Fintype ι] [DecidableEq ι] in theorem ...
note: this linter can be disabled with `set_option linter.unusedSectionVars false`
warning: ././././VonoV3C/GraphEATransport.lean:40:4: 'congr 1' tactic does nothing
note: this linter can be disabled with `set_option linter.unusedTactic false`
warning: ././././VonoV3C/GraphEATransport.lean:49:0: automatically included section variable(s) unused in theorem 'VonoV3C.GraphFamily.affine_second_zero':
  [Fintype ι]
  [DecidableEq ι]
consider restructuring your `variable` declarations so that the variables are not in scope or explicitly omit them:
  omit [Fintype ι] [DecidableEq ι] in theorem ...
note: this linter can be disabled with `set_option linter.unusedSectionVars false`
✖ [1386/1386] Building VonoV3C.GraphQuadratic
trace: .> LEAN_PATH=././.lake/packages/Cli/.lake/build/lib/lean:././.lake/packages/batteries/.lake/build/lib/lean:././.lake/packages/Qq/.lake/build/lib/lean:././.lake/packages/aesop/.lake/build/lib/lean:././.lake/packages/proofwidgets/.lake/build/lib/lean:././.lake/packages/importGraph/.lake/build/lib/lean:././.lake/packages/LeanSearchClient/.lake/build/lib/lean:././.lake/packages/plausible/.lake/build/lib/lean:././.lake/packages/mathlib/.lake/build/lib/lean:././.lake/build/lib/lean /workspace/scratch/adfe0a5e6e84/hrsbf-bent-verification/pesquisa_v3c_symplectic/lean/.lake/lean-4.19.0-linux/bin/lean ././././VonoV3C/GraphQuadratic.lean -R ./././. -o ././.lake/build/lib/lean/VonoV3C/GraphQuadratic.olean -i ././.lake/build/lib/lean/VonoV3C/GraphQuadratic.ilean -c ././.lake/build/ir/VonoV3C/GraphQuadratic.c --json
warning: ././././VonoV3C/GraphQuadratic.lean:18:0: automatically included section variable(s) unused in theorem 'VonoV3C.GraphFamily.second_constant_add':
  [Fintype ι]
  [DecidableEq ι]
consider restructuring your `variable` declarations so that the variables are not in scope or explicitly omit them:
  omit [Fintype ι] [DecidableEq ι] in theorem ...
note: this linter can be disabled with `set_option linter.unusedSectionVars false`
warning: ././././VonoV3C/GraphQuadratic.lean:27:0: automatically included section variable(s) unused in theorem 'VonoV3C.GraphFamily.quadratic_third_zero':
  [Fintype ι]
  [DecidableEq ι]
consider restructuring your `variable` declarations so that the variables are not in scope or explicitly omit them:
  omit [Fintype ι] [DecidableEq ι] in theorem ...
note: this linter can be disabled with `set_option linter.unusedSectionVars false`
error: ././././VonoV3C/GraphQuadratic.lean:45:6: failed to rewrite using equation theorems for 'VonoV3C.GraphFamily.addVector'.
error: ././././VonoV3C/GraphQuadratic.lean:51:6: failed to rewrite using equation theorems for 'VonoV3C.GraphFamily.addVector'.
warning: ././././VonoV3C/GraphQuadratic.lean:83:0: automatically included section variable(s) unused in theorem 'VonoV3C.GraphFamily.linear_second_zero_scalar':
  [Fintype ι]
  [DecidableEq ι]
consider restructuring your `variable` declarations so that the variables are not in scope or explicitly omit them:
  omit [Fintype ι] [DecidableEq ι] in theorem ...
note: this linter can be disabled with `set_option linter.unusedSectionVars false`
warning: ././././VonoV3C/GraphQuadratic.lean:100:0: automatically included section variable(s) unused in theorem 'VonoV3C.GraphFamily.product_linear_second_constant':
  [Fintype ι]
  [DecidableEq ι]
consider restructuring your `variable` declarations so that the variables are not in scope or explicitly omit them:
  omit [Fintype ι] [DecidableEq ι] in theorem ...
note: this linter can be disabled with `set_option linter.unusedSectionVars false`
error: Lean exited with code 1
Some required builds logged failures:
- VonoV3C.GraphQuadratic
error: build failed
