warning: batteries: repository '././.lake/packages/batteries' has local changes
⚠ [1135/1204] Replayed VonoV3C.GraphMap
warning: ././././VonoV3C/GraphMap.lean:52:0: automatically included section variable(s) unused in theorem 'VonoV3C.GraphFamily.component_formula':
  [DecidableEq ι]
consider restructuring your `variable` declarations so that the variables are not in scope or explicitly omit them:
  omit [DecidableEq ι] in theorem ...
note: this linter can be disabled with `set_option linter.unusedSectionVars false`
warning: ././././VonoV3C/GraphMap.lean:87:0: automatically included section variable(s) unused in theorem 'VonoV3C.GraphFamily.fourth_component':
  [DecidableEq ι]
consider restructuring your `variable` declarations so that the variables are not in scope or explicitly omit them:
  omit [DecidableEq ι] in theorem ...
note: this linter can be disabled with `set_option linter.unusedSectionVars false`
⚠ [1384/1389] Replayed VonoV3C.GraphRelaxedIndex
warning: ././././VonoV3C/GraphRelaxedIndex.lean:70:8: automatically included section variable(s) unused in theorem '_private.VonoV3C.GraphRelaxedIndex.0.VonoV3C.GraphFamily.p_selectedRelaxedDirections':
  [Fintype ι]
  [DecidableEq ι]
consider restructuring your `variable` declarations so that the variables are not in scope or explicitly omit them:
  omit [Fintype ι] [DecidableEq ι] in theorem ...
note: this linter can be disabled with `set_option linter.unusedSectionVars false`
warning: ././././VonoV3C/GraphRelaxedIndex.lean:79:8: automatically included section variable(s) unused in theorem '_private.VonoV3C.GraphRelaxedIndex.0.VonoV3C.GraphFamily.q_selectedRelaxedDirections':
  [Fintype ι]
  [DecidableEq ι]
consider restructuring your `variable` declarations so that the variables are not in scope or explicitly omit them:
  omit [Fintype ι] [DecidableEq ι] in theorem ...
note: this linter can be disabled with `set_option linter.unusedSectionVars false`
warning: ././././VonoV3C/GraphRelaxedIndex.lean:126:8: automatically included section variable(s) unused in theorem '_private.VonoV3C.GraphRelaxedIndex.0.VonoV3C.GraphFamily.selectedDirections_pair_dependent':
  [Fintype ι]
  [DecidableEq ι]
consider restructuring your `variable` declarations so that the variables are not in scope or explicitly omit them:
  omit [Fintype ι] [DecidableEq ι] in theorem ...
note: this linter can be disabled with `set_option linter.unusedSectionVars false`
warning: ././././VonoV3C/GraphRelaxedIndex.lean:187:8: automatically included section variable(s) unused in theorem '_private.VonoV3C.GraphRelaxedIndex.0.VonoV3C.GraphFamily.selectedRelaxedDirections_injective':
  [Fintype ι]
  [DecidableEq ι]
consider restructuring your `variable` declarations so that the variables are not in scope or explicitly omit them:
  omit [Fintype ι] [DecidableEq ι] in theorem ...
note: this linter can be disabled with `set_option linter.unusedSectionVars false`
warning: ././././VonoV3C/GraphRelaxedIndex.lean:262:8: automatically included section variable(s) unused in theorem '_private.VonoV3C.GraphRelaxedIndex.0.VonoV3C.GraphFamily.projectionRangeMap_injective':
  [Fintype ι]
  [DecidableEq ι]
consider restructuring your `variable` declarations so that the variables are not in scope or explicitly omit them:
  omit [Fintype ι] [DecidableEq ι] in theorem ...
note: this linter can be disabled with `set_option linter.unusedSectionVars false`
⚠ [1385/1389] Replayed VonoV3C.GraphEATransport
warning: ././././VonoV3C/GraphEATransport.lean:13:0: automatically included section variable(s) unused in theorem 'VonoV3C.GraphFamily.iterDiff_add':
  [Fintype ι]
  [DecidableEq ι]
consider restructuring your `variable` declarations so that the variables are not in scope or explicitly omit them:
  omit [Fintype ι] [DecidableEq ι] in theorem ...
note: this linter can be disabled with `set_option linter.unusedSectionVars false`
warning: ././././VonoV3C/GraphEATransport.lean:22:0: automatically included section variable(s) unused in theorem 'VonoV3C.GraphFamily.iterDiff_output':
  [Fintype ι]
  [DecidableEq ι]
consider restructuring your `variable` declarations so that the variables are not in scope or explicitly omit them:
  omit [Fintype ι] [DecidableEq ι] in theorem ...
note: this linter can be disabled with `set_option linter.unusedSectionVars false`
info: ././././VonoV3C/GraphEATransport.lean:41:4: Try this: abel_nf
warning: ././././VonoV3C/GraphEATransport.lean:31:0: automatically included section variable(s) unused in theorem 'VonoV3C.GraphFamily.iterDiff_input':
  [Fintype ι]
  [DecidableEq ι]
consider restructuring your `variable` declarations so that the variables are not in scope or explicitly omit them:
  omit [Fintype ι] [DecidableEq ι] in theorem ...
note: this linter can be disabled with `set_option linter.unusedSectionVars false`
warning: ././././VonoV3C/GraphEATransport.lean:40:4: 'congr 1' tactic does nothing
note: this linter can be disabled with `set_option linter.unusedTactic false`
warning: ././././VonoV3C/GraphEATransport.lean:49:0: automatically included section variable(s) unused in theorem 'VonoV3C.GraphFamily.affine_second_zero':
  [Fintype ι]
  [DecidableEq ι]
consider restructuring your `variable` declarations so that the variables are not in scope or explicitly omit them:
  omit [Fintype ι] [DecidableEq ι] in theorem ...
note: this linter can be disabled with `set_option linter.unusedSectionVars false`
⚠ [1386/1389] Replayed VonoV3C.GraphOutputRecovery
warning: ././././VonoV3C/GraphOutputRecovery.lean:19:4: try 'simp at hh' instead of 'simpa using hh'
note: this linter can be disabled with `set_option linter.unnecessarySimpa false`
warning: ././././VonoV3C/GraphOutputRecovery.lean:21:4: try 'simp at hh' instead of 'simpa using hh'
note: this linter can be disabled with `set_option linter.unnecessarySimpa false`
warning: ././././VonoV3C/GraphOutputRecovery.lean:23:4: try 'simp at hh' instead of 'simpa using hh'
note: this linter can be disabled with `set_option linter.unnecessarySimpa false`
warning: ././././VonoV3C/GraphOutputRecovery.lean:52:4: try 'simp at hi' instead of 'simpa using hi'
note: this linter can be disabled with `set_option linter.unnecessarySimpa false`
⚠ [1387/1389] Replayed VonoV3C.GraphEdgeRecovery
warning: ././././VonoV3C/GraphEdgeRecovery.lean:59:40: Used `tac1 <;> tac2` where `(tac1; tac2)` would suffice
note: this linter can be disabled with `set_option linter.unnecessarySeqFocus false`
warning: ././././VonoV3C/GraphEdgeRecovery.lean:85:4: try 'simp at hh' instead of 'simpa using hh'
note: this linter can be disabled with `set_option linter.unnecessarySimpa false`
⚠ [1388/1389] Built VonoV3C.GraphQuadratic
warning: ././././VonoV3C/GraphQuadratic.lean:18:0: automatically included section variable(s) unused in theorem 'VonoV3C.GraphFamily.second_constant_add':
  [Fintype ι]
  [DecidableEq ι]
consider restructuring your `variable` declarations so that the variables are not in scope or explicitly omit them:
  omit [Fintype ι] [DecidableEq ι] in theorem ...
note: this linter can be disabled with `set_option linter.unusedSectionVars false`
warning: ././././VonoV3C/GraphQuadratic.lean:27:0: automatically included section variable(s) unused in theorem 'VonoV3C.GraphFamily.quadratic_third_zero':
  [Fintype ι]
  [DecidableEq ι]
consider restructuring your `variable` declarations so that the variables are not in scope or explicitly omit them:
  omit [Fintype ι] [DecidableEq ι] in theorem ...
note: this linter can be disabled with `set_option linter.unusedSectionVars false`
warning: ././././VonoV3C/GraphQuadratic.lean:85:0: automatically included section variable(s) unused in theorem 'VonoV3C.GraphFamily.linear_second_zero_scalar':
  [Fintype ι]
  [DecidableEq ι]
consider restructuring your `variable` declarations so that the variables are not in scope or explicitly omit them:
  omit [Fintype ι] [DecidableEq ι] in theorem ...
note: this linter can be disabled with `set_option linter.unusedSectionVars false`
warning: ././././VonoV3C/GraphQuadratic.lean:102:0: automatically included section variable(s) unused in theorem 'VonoV3C.GraphFamily.product_linear_second_constant':
  [Fintype ι]
  [DecidableEq ι]
consider restructuring your `variable` declarations so that the variables are not in scope or explicitly omit them:
  omit [Fintype ι] [DecidableEq ι] in theorem ...
note: this linter can be disabled with `set_option linter.unusedSectionVars false`
⚠ [1389/1389] Built VonoV3C.GraphSplitting
warning: ././././VonoV3C/GraphSplitting.lean:23:0: automatically included section variable(s) unused in theorem 'VonoV3C.GraphFamily.crossRelaxed_symm':
  [Fintype ι]
  [DecidableEq ι]
consider restructuring your `variable` declarations so that the variables are not in scope or explicitly omit them:
  omit [Fintype ι] [DecidableEq ι] in theorem ...
note: this linter can be disabled with `set_option linter.unusedSectionVars false`
warning: ././././VonoV3C/GraphSplitting.lean:45:0: automatically included section variable(s) unused in theorem 'VonoV3C.GraphFamily.fourth_zero_of_constant_second':
  [Fintype ι]
  [DecidableEq ι]
consider restructuring your `variable` declarations so that the variables are not in scope or explicitly omit them:
  omit [Fintype ι] [DecidableEq ι] in theorem ...
note: this linter can be disabled with `set_option linter.unusedSectionVars false`
Build completed successfully.
